containsSubje... from lme4, adj1+adj2
slopes: from beta stan, only alienAdjective

> slopes[slopes$containsSubjectiveAdjective.Centered > 0.01 & slopes$slopes > 0.0637,]
   predicate X.Intercept. containsSubjectiveAdjective.Centered  X adjID
1       anns    0.2759302                           0.01105626  1     1
2       bamn    0.2759302                           0.02602997  2     2
7     ceched    0.2759302                           0.01189234  7     7
11    duilts    0.2759302                           0.01309422 12    12
12     dwake    0.2759302                           0.03474851 13    13
14     fonns    0.2759302                           0.02257082 15    15
20     gwigs    0.2759302                           0.02329162 21    21
23       irv    0.2759302                           0.01066906 24    24
25      jite    0.2759302                           0.05835255 26    26
32      muic    0.2759302                           0.01827040 33    33
37     plach    0.2759302                           0.01398867 38    38
39   preathe    0.2759302                           0.01022587 40    40
44    snurts    0.2759302                           0.04210972 45    45
46    spunes    0.2759302                           0.01306446 47    47
47     spyck    0.2759302                           0.01021420 48    48
48    squalf    0.2759302                           0.01429100 49    49
49     therv    0.2759302                           0.04741733 50    50
53    trunce    0.2759302                           0.01114343 54    54
       slopes intercepts
1  0.06951131  -1.134315
2  0.06750973  -1.157740
7  0.07525570  -1.142042
11 0.06625163  -1.152374
12 0.07048276  -1.133213
14 0.07385772  -1.134851
20 0.06898701  -1.137126
23 0.07304722  -1.117392
25 0.07184398  -1.153752
32 0.06531507  -1.128750
37 0.07234434  -1.124503
39 0.06501927  -1.139913
44 0.08010130  -1.197525
46 0.06665093  -1.167053
47 0.07242138  -1.194986
48 0.06726094  -1.145986
49 0.06437324  -1.147892
53 0.06540591  -1.127720
> nrow(slopes[slopes$containsSubjectiveAdjective.Centered > 0.01 & slopes$slopes > 0.0637,])
[1] 18
> goodAdjectives = slopes[slopes$containsSubjectiveAdjective.Centered > 0.01 & slopes$slopes > 0.0637,]
> goddAdjectives[order(goodAdjectives$slopes),]
Error: object 'goddAdjectives' not found
> goodAdjectives[order(goodAdjectives$slopes),]
   predicate X.Intercept. containsSubjectiveAdjective.Centered  X adjID
49     therv    0.2759302                           0.04741733 50    50
39   preathe    0.2759302                           0.01022587 40    40
32      muic    0.2759302                           0.01827040 33    33
53    trunce    0.2759302                           0.01114343 54    54
11    duilts    0.2759302                           0.01309422 12    12
46    spunes    0.2759302                           0.01306446 47    47
48    squalf    0.2759302                           0.01429100 49    49
2       bamn    0.2759302                           0.02602997  2     2
20     gwigs    0.2759302                           0.02329162 21    21
1       anns    0.2759302                           0.01105626  1     1
12     dwake    0.2759302                           0.03474851 13    13
25      jite    0.2759302                           0.05835255 26    26
37     plach    0.2759302                           0.01398867 38    38
47     spyck    0.2759302                           0.01021420 48    48
23       irv    0.2759302                           0.01066906 24    24
14     fonns    0.2759302                           0.02257082 15    15
7     ceched    0.2759302                           0.01189234  7     7
44    snurts    0.2759302                           0.04210972 45    45
       slopes intercepts
49 0.06437324  -1.147892
39 0.06501927  -1.139913
32 0.06531507  -1.128750
53 0.06540591  -1.127720
11 0.06625163  -1.152374
46 0.06665093  -1.167053
48 0.06726094  -1.145986
2  0.06750973  -1.157740
20 0.06898701  -1.137126
1  0.06951131  -1.134315
12 0.07048276  -1.133213
25 0.07184398  -1.153752
37 0.07234434  -1.124503
47 0.07242138  -1.194986
23 0.07304722  -1.117392
14 0.07385772  -1.134851
7  0.07525570  -1.142042
44 0.08010130  -1.197525

